// Jest Snapshot v1, https://goo.gl/fbAQLP

exports[`IntervalTree search bugs 1`] = `
[
  [
    1483387200000,
    1483394400000,
  ],
  [
    1483399800000,
    1483405200000,
    "56NL2yqQJMhZ4w4dD",
  ],
  [
    1483462800000,
    1483480800000,
    "fK3PPyXJss2g4LKWi",
  ],
  [
    1483486200000,
    1483491600000,
    "qXnxZZa5yjeEPtT4z",
  ],
  [
    1483549200000,
    1483567200000,
    "FMrcgBLxHSnvdsxao",
  ],
  [
    1483572600000,
    1483578000000,
    "p8SFaNDiYZDfweknu",
  ],
  [
    1483635600000,
    1483653600000,
    "sTijSr5vv8547KopH",
  ],
  [
    1483659000000,
    1483664400000,
    "o2BiALLdKb56getkD",
  ],
  [
    1483722000000,
    1483740000000,
    "BQxTPexLBK9S7e5JQ",
  ],
  [
    1483745400000,
    1483750800000,
    "BsnAJnyLqCx8MzNqe",
  ],
  [
    1483808400000,
    1483837200000,
    "PauxpTjuhZYpWfpu4",
  ],
  [
    1483894800000,
    1483923600000,
    "v9jid69q9jjneSmFW",
  ],
  [
    1483981200000,
    1483999200000,
    "M8G8wBXzqzCxX8yFh",
  ],
  [
    1484004600000,
    1484010000000,
    "KD5Cb3Cu2ZBGJ9r6g",
  ],
  [
    1484067600000,
    1484085600000,
    "bRyNQepujF78AAFCF",
  ],
  [
    1484091000000,
    1484096400000,
    "4uAJHFrSfQDoeJEZH",
  ],
  [
    1484154000000,
    1484172000000,
    "ZNNrQEdmsdEnJe6zc",
  ],
  [
    1484177400000,
    1484182800000,
    "CaaugipzJX3sXB4wP",
  ],
  [
    1484240400000,
    1484258400000,
    "Zb9z5vKiGZ6BSC5pX",
  ],
  [
    1484263800000,
    1484269200000,
    "MbSdt5N4XMTJ88uGt",
  ],
  [
    1484326800000,
    1484344800000,
    "ib7YL6tSt5ZWPd8rL",
  ],
  [
    1484350200000,
    1484355600000,
    "jCNZXuX8hrNnWvZpS",
  ],
  [
    1484413200000,
    1484442000000,
  ],
]
`;
